[2m7:01:52 PM[22m [31m[1m[vite][22m[39m [31mInternal server error: Transform failed with 1 error:

[31m[PARSE_ERROR] [0mUnexpected token. Did you mean `{'}'}` or `&rbrace;`?
     [38;5;246m╭[0m[38;5;246m─[0m[38;5;246m[[0m src/pages/AdminOrders.jsx:332:20 [38;5;246m][0m
     [38;5;246m│[0m
 [38;5;246m332 │[0m [38;5;249m [0m[38;5;249m [0m[38;5;249m [0m[38;5;249m [0m[38;5;249m [0m[38;5;249m [0m[38;5;249m [0m[38;5;249m [0m[38;5;249m [0m[38;5;249m [0m[38;5;249m [0m[38;5;249m [0m[38;5;249m [0m[38;5;249m [0m[38;5;249m [0m[38;5;249m [0m[38;5;249m [0m[38;5;249m [0m[38;5;249m)[0m[38;5;249m}[0m
 [38;5;240m    │[0m                    │ 
 [38;5;240m    │[0m                    ╰─ 
[38;5;246m─────╯[0m
[39m
  Plugin: [35mvite:oxc[39m
  File: [36mC:/WinterStore/frontend/src/pages/AdminOrders.jsx[39m
      at transformWithOxc (file:///C:/WinterStore/frontend/node_modules/vite/dist/node/chunks/node.js:4103:19)
      at TransformPluginContext.transform (file:///C:/WinterStore/frontend/node_modules/vite/dist/node/chunks/node.js:4174:26)
      at EnvironmentPluginContainer.transform (file:///C:/WinterStore/frontend/node_modules/vite/dist/node/chunks/node.js:30932:51)
      at async loadAndTransform (file:///C:/WinterStore/frontend/node_modules/vite/dist/node/chunks/node.js:20671:26)
      at async viteTransformMiddleware (file:///C:/WinterStore/frontend/node_modules/vite/dist/node/chunks/node.js:25205:20)
[2m7:02:40 PM[22m [31m[1m[vite][22m[39m [31mInternal server error: Transform failed with 1 error:

[31m[PARSE_ERROR] [0mIdentifier `initials` has already been declared
     [38;5;246m╭[0m[38;5;246m─[0m[38;5;246m[[0m src/pages/AdminOrders.jsx:317:9 [38;5;246m][0m
     [38;5;246m│[0m
 [38;5;246m317 │[0m [38;5;249m [0m[38;5;249m [0m[38;5;249mc[0m[38;5;249mo[0m[38;5;249mn[0m[38;5;249ms[0m[38;5;249mt[0m[38;5;249m [0minitials[38;5;249m [0m[38;5;249m=[0m[38;5;249m [0m[38;5;249m([0m[38;5;249ma[0m[38;5;249mu[0m[38;5;249mt[0m[38;5;249mh[0m[38;5;249m.[0m[38;5;249mu[0m[38;5;249ms[0m[38;5;249me[0m[38;5;249mr[0m[38;5;249m.[0m[38;5;249mn[0m[38;5;249ma[0m[38;5;249mm[0m[38;5;249me[0m[38;5;249m [0m[38;5;249m|[0m[38;5;249m|[0m[38;5;249m [0m[38;5;249m"[0m[38;5;249mA[0m[38;5;249m"[0m[38;5;249m)[0m
 [38;5;240m    │[0m         ────┬───  
 [38;5;240m    │[0m             ╰───── `initials` has already been declared here
 [38;5;240m    │[0m 
 [38;5;246m324 │[0m [38;5;249m [0m[38;5;249m [0m[38;5;249mc[0m[38;5;249mo[0m[38;5;249mn[0m[38;5;249ms[0m[38;5;249mt[0m[38;5;249m [0minitials[38;5;249m [0m[38;5;249m=[0m[38;5;249m [0m[38;5;249m([0m[38;5;249ma[0m[38;5;249mu[0m[38;5;249mt[0m[38;5;249mh[0m[38;5;249m.[0m[38;5;249mu[0m[38;5;249ms[0m[38;5;249me[0m[38;5;249mr[0m[38;5;249m.[0m[38;5;249mn[0m[38;5;249ma[0m[38;5;249mm[0m[38;5;249me[0m[38;5;249m [0m[38;5;249m|[0m[38;5;249m|[0m[38;5;249m [0m[38;5;249m"[0m[38;5;249mA[0m[38;5;249m"[0m[38;5;249m)[0m
 [38;5;240m    │[0m         ────┬───  
 [38;5;240m    │[0m             ╰───── It can not be redeclared here
[38;5;246m─────╯[0m
[39m
  Plugin: [35mvite:oxc[39m
  File: [36mC:/WinterStore/frontend/src/pages/AdminOrders.jsx[39m
      at transformWithOxc (file:///C:/WinterStore/frontend/node_modules/vite/dist/node/chunks/node.js:4103:19)
      at TransformPluginContext.transform (file:///C:/WinterStore/frontend/node_modules/vite/dist/node/chunks/node.js:4174:26)
      at EnvironmentPluginContainer.transform (file:///C:/WinterStore/frontend/node_modules/vite/dist/node/chunks/node.js:30932:51)
      at async loadAndTransform (file:///C:/WinterStore/frontend/node_modules/vite/dist/node/chunks/node.js:20671:26)
      at async viteTransformMiddleware (file:///C:/WinterStore/frontend/node_modules/vite/dist/node/chunks/node.js:25205:20)
[2m7:02:40 PM[22m [31m[1m[vite][22m[39m [31mInternal server error: Transform failed with 1 error:

[31m[PARSE_ERROR] [0mIdentifier `initials` has already been declared
     [38;5;246m╭[0m[38;5;246m─[0m[38;5;246m[[0m src/pages/AdminOrders.jsx:317:9 [38;5;246m][0m
     [38;5;246m│[0m
 [38;5;246m317 │[0m [38;5;249m [0m[38;5;249m [0m[38;5;249mc[0m[38;5;249mo[0m[38;5;249mn[0m[38;5;249ms[0m[38;5;249mt[0m[38;5;249m [0minitials[38;5;249m [0m[38;5;249m=[0m[38;5;249m [0m[38;5;249m([0m[38;5;249ma[0m[38;5;249mu[0m[38;5;249mt[0m[38;5;249mh[0m[38;5;249m.[0m[38;5;249mu[0m[38;5;249ms[0m[38;5;249me[0m[38;5;249mr[0m[38;5;249m.[0m[38;5;249mn[0m[38;5;249ma[0m[38;5;249mm[0m[38;5;249me[0m[38;5;249m [0m[38;5;249m|[0m[38;5;249m|[0m[38;5;249m [0m[38;5;249m"[0m[38;5;249mA[0m[38;5;249m"[0m[38;5;249m)[0m
 [38;5;240m    │[0m         ────┬───  
 [38;5;240m    │[0m             ╰───── `initials` has already been declared here
 [38;5;240m    │[0m 
 [38;5;246m324 │[0m [38;5;249m [0m[38;5;249m [0m[38;5;249mc[0m[38;5;249mo[0m[38;5;249mn[0m[38;5;249ms[0m[38;5;249mt[0m[38;5;249m [0minitials[38;5;249m [0m[38;5;249m=[0m[38;5;249m [0m[38;5;249m([0m[38;5;249ma[0m[38;5;249mu[0m[38;5;249mt[0m[38;5;249mh[0m[38;5;249m.[0m[38;5;249mu[0m[38;5;249ms[0m[38;5;249me[0m[38;5;249mr[0m[38;5;249m.[0m[38;5;249mn[0m[38;5;249ma[0m[38;5;249mm[0m[38;5;249me[0m[38;5;249m [0m[38;5;249m|[0m[38;5;249m|[0m[38;5;249m [0m[38;5;249m"[0m[38;5;249mA[0m[38;5;249m"[0m[38;5;249m)[0m
 [38;5;240m    │[0m         ────┬───  
 [38;5;240m    │[0m             ╰───── It can not be redeclared here
[38;5;246m─────╯[0m
[39m
  Plugin: [35mvite:oxc[39m
  File: [36mC:/WinterStore/frontend/src/pages/AdminOrders.jsx[39m
      at transformWithOxc (file:///C:/WinterStore/frontend/node_modules/vite/dist/node/chunks/node.js:4103:19)
      at TransformPluginContext.transform (file:///C:/WinterStore/frontend/node_modules/vite/dist/node/chunks/node.js:4174:26)
      at EnvironmentPluginContainer.transform (file:///C:/WinterStore/frontend/node_modules/vite/dist/node/chunks/node.js:30932:51)
      at async loadAndTransform (file:///C:/WinterStore/frontend/node_modules/vite/dist/node/chunks/node.js:20671:26)
      at async viteTransformMiddleware (file:///C:/WinterStore/frontend/node_modules/vite/dist/node/chunks/node.js:25205:20)
[2m7:02:56 PM[22m [31m[1m[vite][22m[39m [31mInternal server error: Transform failed with 1 error:

[31m[PARSE_ERROR] [0mAdjacent JSX elements must be wrapped in an enclosing tag.
     [38;5;246m╭[0m[38;5;246m─[0m[38;5;246m[[0m src/pages/AdminOrders.jsx:384:19 [38;5;246m][0m
     [38;5;246m│[0m
 [38;5;246m384 │[0m [38;5;249m [0m[38;5;249m [0m[38;5;249m [0m[38;5;249m [0m[38;5;249m [0m[38;5;249m [0m[38;5;249m [0m[38;5;249m [0m[38;5;249m [0m[38;5;249m [0m[38;5;249m [0m[38;5;249m [0m[38;5;249m [0m[38;5;249m [0m[38;5;249m [0m[38;5;249m [0m[38;5;249m [0m[38;5;249m [0m<[38;5;249mp[0m[38;5;249m [0m[38;5;249mc[0m[38;5;249ml[0m[38;5;249ma[0m[38;5;249ms[0m[38;5;249ms[0m[38;5;249mN[0m[38;5;249ma[0m[38;5;249mm[0m[38;5;249me[0m[38;5;249m=[0m[38;5;249m"[0m[38;5;249ma[0m[38;5;249md[0m[38;5;249mm[0m[38;5;249mi[0m[38;5;249mn[0m[38;5;249m-[0m[38;5;249mb[0m[38;5;249ma[0m[38;5;249mc[0m[38;5;249mk[0m[38;5;249m"[0m[38;5;249m>[0m
 [38;5;240m    │[0m                   ┬  
 [38;5;240m    │[0m                   ╰── 
 [38;5;240m    │[0m 
 [38;5;240m    │[0m [38;5;115mHelp[0m: Did you want a JSX fragment `<>...</>`?
[38;5;246m─────╯[0m
[39m
  Plugin: [35mvite:oxc[39m
  File: [36mC:/WinterStore/frontend/src/pages/AdminOrders.jsx[39m
      at transformWithOxc (file:///C:/WinterStore/frontend/node_modules/vite/dist/node/chunks/node.js:4103:19)
      at TransformPluginContext.transform (file:///C:/WinterStore/frontend/node_modules/vite/dist/node/chunks/node.js:4174:26)
      at EnvironmentPluginContainer.transform (file:///C:/WinterStore/frontend/node_modules/vite/dist/node/chunks/node.js:30932:51)
      at async loadAndTransform (file:///C:/WinterStore/frontend/node_modules/vite/dist/node/chunks/node.js:20671:26)
      at async viteTransformMiddleware (file:///C:/WinterStore/frontend/node_modules/vite/dist/node/chunks/node.js:25205:20)
[2m7:02:56 PM[22m [31m[1m[vite][22m[39m [31mInternal server error: Transform failed with 1 error:

[31m[PARSE_ERROR] [0mAdjacent JSX elements must be wrapped in an enclosing tag.
     [38;5;246m╭[0m[38;5;246m─[0m[38;5;246m[[0m src/pages/AdminOrders.jsx:384:19 [38;5;246m][0m
     [38;5;246m│[0m
 [38;5;246m384 │[0m [38;5;249m [0m[38;5;249m [0m[38;5;249m [0m[38;5;249m [0m[38;5;249m [0m[38;5;249m [0m[38;5;249m [0m[38;5;249m [0m[38;5;249m [0m[38;5;249m [0m[38;5;249m [0m[38;5;249m [0m[38;5;249m [0m[38;5;249m [0m[38;5;249m [0m[38;5;249m [0m[38;5;249m [0m[38;5;249m [0m<[38;5;249mp[0m[38;5;249m [0m[38;5;249mc[0m[38;5;249ml[0m[38;5;249ma[0m[38;5;249ms[0m[38;5;249ms[0m[38;5;249mN[0m[38;5;249ma[0m[38;5;249mm[0m[38;5;249me[0m[38;5;249m=[0m[38;5;249m"[0m[38;5;249ma[0m[38;5;249md[0m[38;5;249mm[0m[38;5;249mi[0m[38;5;249mn[0m[38;5;249m-[0m[38;5;249mb[0m[38;5;249ma[0m[38;5;249mc[0m[38;5;249mk[0m[38;5;249m"[0m[38;5;249m>[0m
 [38;5;240m    │[0m                   ┬  
 [38;5;240m    │[0m                   ╰── 
 [38;5;240m    │[0m 
 [38;5;240m    │[0m [38;5;115mHelp[0m: Did you want a JSX fragment `<>...</>`?
[38;5;246m─────╯[0m
[39m
  Plugin: [35mvite:oxc[39m
  File: [36mC:/WinterStore/frontend/src/pages/AdminOrders.jsx[39m
      at transformWithOxc (file:///C:/WinterStore/frontend/node_modules/vite/dist/node/chunks/node.js:4103:19)
      at TransformPluginContext.transform (file:///C:/WinterStore/frontend/node_modules/vite/dist/node/chunks/node.js:4174:26)
      at EnvironmentPluginContainer.transform (file:///C:/WinterStore/frontend/node_modules/vite/dist/node/chunks/node.js:30932:51)
      at async loadAndTransform (file:///C:/WinterStore/frontend/node_modules/vite/dist/node/chunks/node.js:20671:26)
      at async viteTransformMiddleware (file:///C:/WinterStore/frontend/node_modules/vite/dist/node/chunks/node.js:25205:20)
